[Report]
Name=Nota grafrechten
TemplateName=Nota grafrechten.rtf
SQLCompatibility=MSAccess

[Query-0]
SQL=select SBJ.SBJIDN, DOC.DOCIDN as DOCNUM,NOW as DOCDATE,NOW as TODAYDATE,(sbj.sbjvlt&' '&Trim(sbj.sbjvvg&' '&sbj.sbjnam)) as FULLNAME, sbj.sbjges as geslacht, Trim(sbj.sbjvvg&' '&sbj.sbjnam) as opgemaakt, (SBJPTTKDE+' '+SBJWPLNAM) as ADRESS01,(SBJSTTNAM) as ADRESS02,(SBJHUINUM) as ADRESS03, SBJLNDNAM as ADRESS04,'' as CEMETERY, '' as CEMEPLTS, :DatumPlusOneMonth as DATE02,  Now+14 as DATE01, usr.* from DOC, SBJ, USR where (SBJ.SBJIDN = DOC.DOCBPLIDN) and (DOCIDN = :DocumentIDN) and usridn=:usridn
Base=DOC
[Parameters-0]
DocumentIDN=STRING|Number of the document
DatumPlusOneMonth=STRING|The date of the document + one YEAR
USRIDN=STRINGCOMBOBOX|Ondertekenen met

[USRIDN]
TableName=USR
ValueFieldName=USRIDN
NameFieldName=USRNAM
OrderFieldName=USRNAM

[Query-1]
SQL=select plc.*,plc.PLCUSRKEY as GRAVENUMBER,CemeteryInfo.SBJWPLNAM as CEMETERY, CemeteryInfo.sbjwplnam as CEMEPLTS, (OwnerInfo.SBJVLT+' '+OwnerInfo.SBJVVG+' '+OwnerInfo.SBJNAM) as OWNNAM,(OwnerInfo.SBJSTTNAM+' '+OwnerInfo.SBJHUINUM+' '+OwnerInfo.SBJHUILET+' '+OwnerInfo.SBJHUITVG+' '+OwnerInfo.SBJHUIAND) as ADRES,(OwnerInfo.SBJPTTKDE+' '+OwnerInfo.SBJWPLNAM) as WONPLT,:FirstBGRDAT as BEGDAT, '????????????' as DEPTEXT01, '????????????' as rechtentot from plc,sbj as CemeteryInfo,sbj as OwnerInfo where (PLC.PLCIDN=:FirstPLCIDN) and (PLC.PLCBGPIDN=CemeteryInfo.SBJIDN) and (PLC.PLCRHBIDN=OwnerInfo.SBJIDN)
Base=INFO
[Parameters-1]
FirstPLCIDN=STRING|First place IDN
FirstBGRDAT=STRING|First dead bury date

[Query-2]
SQL=select *, (ARTATL * ARTBDR * (1 + ARTBTW / 100)) as ARTSUM from SBJ, DOC, DOR, ART where (DOCBPLIDN = SBJIDN) and (DORDOCIDN = DOCIDN) and (DORARTIDN = ARTIDN) and (DOCIDN=:DocumentIDN)
Base=DATA
[Parameters-2]
DocumentIDN=STRING|Number of the document

[Query-3]
SQL=select distinct :GRAVENUMBER + '' as GRAVENUMBER, :CEMETERY + '' as CEMETERY, :CONCERNEDNAME + '' as CONCERNEDNAME, :DEPTEXT01 + '' as DEPTEXT01, :rechtentot + '' as rechtentot from obj
Base=RESTERMINFO
[Parameters-3]
GRAVENUMBER=STRING|
CEMETERY=STRING|
CONCERNEDNAME=STRING|
DEPTEXT01=STRING|
rechtentot=STRING|

[Query-4]
SQL=select min(TRIM(MID(ARTBEGDAT,7,2)&'-'&Mid(ARTBEGDAT,5,2)&'-'&Mid(ARTBEGDAT,1,4))) as BGRDATUM from SBJ, DOC, DOR, ART where (DOCBPLIDN = SBJIDN) and (DORDOCIDN = DOCIDN) and (DORARTIDN = ARTIDN) and (DOCIDN=:DocumentIDN)
Base=DATDAT
[Parameters-4]
DocumentIDN=STRING|Number of the document

[Query-5]
SQL=select Trim(sbjvor&' '&Trim(sbjvvg&' '&sbjnam)) as Namovl, Trim(Mid(sbjovldat,7,2)&'-'&Mid(sbjovldat,5,2)&'-'&Mid(sbjovldat,1,4)) as ovldat, Trim(Mid(sbjgebdat,7,2)&'-'&Mid(sbjgebdat,5,2)&'-'&Mid(sbjgebdat,1,4)) as gebdat, sbjgebplt as gebplt, sbjwplnam as wplnam from SBJ, DOC, DOR, ART, obj where (DORDOCIDN = DOCIDN) and (DORARTIDN = ARTIDN) and (DOCIDN=:DocumentIDN) and (objidn = artobjidn) and (sbjidn = objsbjidn)
Base=DATDIT
[Parameters-5]
DocumentIDN=STRING|Number of the document

[Logging]
Entity=SBJ
Field=SBJIDN
Query=DOC

[Authorization]
Code=3CA1C5CF
