[Report]
Name=AKTE VAN UITGIFTE EIGEN GERESERVEERD GRAF
TemplateName=AKTE VAN UITGIFTE EIGEN GERESERVEERD GRAF.rtf
SQLCompatibility=MSAccess

[Query-0]
SQL1= select usr.*, Trim(Mid(plc.plcresvan,7,2)&'-'&Mid(plc.plcresvan,5,2)&'-'&Mid(plc.plcresvan,1,4)) as ovldat, 
SQL2= Trim(rhb.sbjvlt&' '&Trim(rhb.sbjvvg&' '&rhb.sbjnam)) as Namopm, Trim(res.sbjvlt&' '&Trim(res.sbjvvg&' '&res.sbjnam)) as objnam, rhb.sbjges as rhbgesl, 
SQL3= Trim(MID(rhb.sbjpttkde, 1,4)&' '&MID(rhb.sbjpttkde, 5,2)) as pttkde, rhb.*, plc.*  
SQL4= FROM SBJ RHB, PLC, SBJ RES, USR 
SQL5= where plcrhbidn=rhb.sbjidn and res.sbjidn=plc.plcresidn
SQL6=  and plcidn=:plcidn
SQL7=  and usridn=:usridn

Base=QRY
[Parameters-0]
PLCIDN=PLCIDN
USRIDN=STRINGCOMBOBOX|Ondertekenen met

[USRIDN]
TableName=USR
ValueFieldName=USRIDN
NameFieldName=USRNAM
OrderFieldName=USRNAM

[Query-1]
SQL1= select * from usr where usridn=:usridn2

Base=USR

[Parameters-1]
USRIDN2=STRINGCOMBOBOX|Contact opnemen met

[USRIDN2]
TableName=USR
ValueFieldName=USRIDN
NameFieldName=USRNAM
OrderFieldName=USRNAM

[Authorization]
Code=3CA1C5CF
