[Report]
Name=Brief ophalen grafsteen gedenkteken
TemplateName=Brief ophalen grafsteen gedenkteken.rtf
SQLCompatibility=MSAccess

[Query-0]
SQL1=  select usr.*, Trim(Mid(obj.objvandat,7,2)&'-'&Mid(obj.objvandat,5,2)&'-'&Mid(obj.objvandat,1,4)) as vandat, Trim(Mid(ovl.sbjovldat,7,2)&'-'&Mid(ovl.sbjovldat,5,2)&'-'&Mid(ovl.sbjovldat,1,4)) as ovldat, Trim(rhb.sbjvlt&' '&Trim(rhb.sbjvvg&' '&rhb.sbjnam)) as Namopm, Trim(MID(rhb.sbjpttkde, 1,4)&' '&MID(rhb.sbjpttkde, 5,2)) as pttkde, rhb.*, plc.*, obj.* , rhb.sbjges as rhbgesl
SQL2=  FROM SBJ RHB, PLC, OBJ, SBJ OVL, USR 
SQL3=  where plcidn=objplcidn and plcrhbidn=rhb.sbjidn and ovl.sbjidn=obj.objsbjidn
SQL4=  and objidn=:objidn
SQL5=  and plcidn=:plcidn
SQL6=  and usridn=:usridn

Base=QRY
[Parameters-0]
PLCIDN=PLCIDN
OBJIDN=PLCOBJIDN
USRIDN=STRINGCOMBOBOX|Ondertekenen met

[USRIDN]
TableName=USR
ValueFieldName=USRIDN
NameFieldName=USRNAM
OrderFieldName=USRNAM

[Query-1]
SQL1=  select * from usr where usridn=:usridn2

Base=USR

[Parameters-1]
USRIDN2=STRINGCOMBOBOX|Contact opnemen met

[USRIDN2]
TableName=USR
ValueFieldName=USRIDN
NameFieldName=USRNAM
OrderFieldName=USRNAM

[Query-2]
SQL1=  select Trim(sbj.sbjvlt&' '&Trim(sbj.sbjvvg&' '&sbj.sbjnam)) as Namopm, 
SQL2=  Trim(MID(sbj.sbjpttkde, 1,4)&' '&MID(sbj.sbjpttkde, 5,2)) as pttkde, plh.*, sbj.* 
SQL3= from plh, sbj where plhrhbidn=sbjidn order by plhactdat desc

Base=PLH
MasterSource=0
IndexFieldNames=PLHIDN
MasterFields=PLCIDN

[Query-3]
SQL1=  select obj.objplcidn, Trim(sbj.sbjvlt&' '&Trim(sbj.sbjvvg&' '&sbj.sbjnam)) as Namobj, obj.objtemdat, plc.plcnam, plc.plcusrkey from obj, plc, sbj where objplcidn=plcidn and sbj.sbjidn=obj.objsbjidn
Base=OBJ
MasterSource=0
IndexFieldNames=OBJPLCIDN
MasterFields=PLCIDN

[Query-4]
SQL1=  select * , Trim(Mid(:pip,7,2)&'-'&Mid(:pip,5,2)&'-'&Mid(:pip,1,4)) as ruimvan from VAL where VALidn='EUR'
Base=VAL

[Parameters-4]
pip=Datenum|Begin ruimingsdatum

[pip]
TableName=VAL
ValueFieldName=VALinsdat
NameFieldName=VALINSDAT
OrderFieldName=VALINSDAT

[Query-5]
SQL1=  select * , Trim(Mid(:pop,7,2)&'-'&Mid(:pop,5,2)&'-'&Mid(:pop,1,4)) as wegtot from VAL where VALidn='EUR'
Base=VAL1

[Parameters-5]
pop=Datenum|Steen Weghalen tot

[pop]
TableName=VAL
ValueFieldName=VALinsdat
NameFieldName=VALINSDAT
OrderFieldName=VALINSDAT

[Authorization]
Code=3CA1C5CF
