[Report]
Name=SC43 - kwitantie begraafrecht
TemplateName=begraafrecht.rtf
SQLCompatibility=MSAccess


[Query-0]
SQL1= select Positie.objidn as plop, Positie.objsbjidn, Trim(ovl.sbjvvg&' '&ovl.sbjnam) as ovlnam, ovl.sbjges as ovlgesl,
SQL2= ovl.sbjvor as ovlvoor, bgp.sbjwplnam as bgpnam, plc.plcusrkey as plek,
SQL3= Trim(Mid(ovl.sbjgebdat,7,2)&'-'&Mid(ovl.sbjgebdat,5,2)&'-'&Mid(ovl.sbjgebdat,1,4)) as ovlgeb, 
SQL4= Trim(Mid(ovl.sbjovldat,7,2)&'-'&Mid(ovl.sbjovldat,5,2)&'-'&Mid(ovl.sbjovldat,1,4)) as ovldat,
SQL5= Trim(Mid(Positie.objbgrdat,7,2)&'-'&Mid(Positie.objbgrdat,5,2)&'-'&Mid(Positie.objbgrdat,1,4)) as bgrdat, ovl.sbjgebplt as ovlgbplt, usr.*
SQL6= from obj Positie, sbj ovl, usr, plc, sbj bgp
SQL7= where ovl.sbjidn=Positie.objsbjidn and plc.plcidn=Positie.objplcidn and bgp.sbjidn=plc.plcbgpidn and Positie.objidn=:OBJIDN and usridn=:usridn


Base=OBJ
[Parameters-0]
OBJIDN=STRING
USRIDN=STRINGCOMBOBOX|Ondertekenen met

[USRIDN]
TableName=USR
ValueFieldName=USRIDN
NameFieldName=USRNAM
OrderFieldName=USRNAM

[Logging]
Entity=OBJ
Field=plop
Query=OBJ

[Authorization]
Code=3CA1C5CF
