[Report]
Name=SC16 - aanvraag verlenging vergunning gedenksteen.rtf
TemplateName=SC16 - aanvraag verlenging vergunning gedenksteen.rtf
SQLCompatibility=MSAccess

[Query-0]
SQL1=  select Positie.objidn as plop, Positie.*, Positie.objsbjidn, 
SQL2=  Trim(Mid(Positie.objbgrdat,7,2)&'-'&Mid(Positie.objbgrdat,5,2)&'-'&Mid(Positie.objbgrdat,1,4)) as bgrdat,
;;SQL3=  Trim(Mid(ovl.sbjovldat,7,2)&'-'&Mid(ovl.sbjovldat,5,2)&'-'&Mid(ovl.sbjovldat,1,4)) as ovldat, Trim(ovl.sbjvlt&' '&Trim(ovl.sbjvvg&' ;;'&ovl.sbjnam)) as pernam,
SQL3=  Trim(ovl.sbjvlt&' '&Trim(ovl.sbjvvg&' '&ovl.sbjnam)) as ovlnam, ovl.sbjvor as ovlvoor, plc.plcidn, 
SQL4=  bgp.sbjwplnam as bgpnam, ('0,'&(Mid(Positie.objbgrdat,10,7))) as laat,
SQL5=  Trim(Mid(ovl.sbjgebdat,7,2)&'-'&Mid(ovl.sbjgebdat,5,2)&'-'&Mid(ovl.sbjgebdat,1,4)) as ovlgeb, 
;;SQL6=  Trim(Mid(ovl.sbjovldat,7,2)&'-'&Mid(ovl.sbjovldat,5,2)&'-'&Mid(ovl.sbjovldat,1,4)) as ovldat, 
SQL6= Trim(Mid(ovl.sbjovldat,7,2)&'-'&Mid(ovl.sbjovldat,5,2)&'-'&Mid(ovl.sbjovldat,1,4)) as ovldat, Trim(ovl.sbjvlt&' '&Trim(ovl.sbjvvg&' '&ovl.sbjnam)) as pernam,
SQL7=  ovl.sbjgebplt as ovlgbplt,  Positie.objsbjidn, ovl.sbjges as ovlgesl, plc.plcusrkey as plek, 
SQL8=  Trim(rhb.sbjvlt&' '&Trim(rhb.sbjvvg&' '&rhb.sbjnam)) as rhbnam, plt.pltnam as graftype, 
SQL9=  Trim(MID(rhb.sbjpttkde, 1,4)&' '&MID(rhb.sbjpttkde, 5,2)) as pttkde, rhb.sbjwplnam as rhbplt, 
SQL10= rhb.sbjsttnam as rhbstr, rhb.sbjhuinum as rhbnum, rhb.sbjhuilet as rhblet, rhb.sbjges as rhbgesl
SQL11= from obj Positie, sbj ovl, plc, sbj bgp, sbj rhb, plt
SQL12= where ovl.sbjidn=Positie.objsbjidn and 
SQL13= plc.plcidn=Positie.objplcidn and 
SQL14= bgp.sbjidn=plc.plcbgpidn and 
SQL15= rhb.sbjidn=plcrhbidn and 
SQL16= plt.pltidn=plcpltidn and
SQL17= Positie.objidn=:OBJIDN

Base=OBJ
[Parameters-0]
OBJIDN=STRING


[Authorization]
Code=3CA1C5CF
