[Report]
Name=SC28 - vergunning plaatsing urn+asbus
TemplateName=SC28 - vergunning plaatsing urn+asbus.rtf
SQLCompatibility=MSAccess

[Query-0]
SQL1=  select Trim(Mid(positie.objvandat,7,2)&'-'&Mid(positie.objvandat,5,2)&'-'&Mid(positie.objvandat,1,4)) as vanafdat, 
SQL2=  Trim(Mid(positie.objtemdat,7,2)&'-'&Mid(positie.objtemdat,5,2)&'-'&Mid(positie.objtemdat,1,4)) as temdat, 
SQL3=  Trim(Mid(ovl.sbjovldat,7,2)&'-'&Mid(ovl.sbjovldat,5,2)&'-'&Mid(ovl.sbjovldat,1,4)) as ovldat, 
SQL4=  Trim(rhb.sbjvlt&' '&Trim(rhb.sbjvvg&' '&rhb.sbjnam)) as Namopm, bgp.sbjwplnam as begraaf, 
SQL5=  Trim(MID(rhb.sbjpttkde, 1,4)&' '&MID(rhb.sbjpttkde, 5,2)) as pttkde, rhb.*, plc.*, positie.*, 
;;Trim(ovl.sbjvvg&' '&ovl.sbjnam) as pernam,
SQL6=  Trim(ovl.sbjvlt&' '&Trim(ovl.sbjvvg&' '&ovl.sbjnam)) as pernam

SQL7=  FROM SBJ RHB, PLC, OBJ positie, SBJ OVL, sbj bgp
SQL8=  where plcidn=positie.objplcidn and bgp.sbjidn=plc.plcbgpidn and
SQL9=  plcrhbidn=rhb.sbjidn and ovl.sbjidn=positie.objsbjidn
SQL10=  and positie.objidn=:objidn




Base=obj
[Parameters-0]
OBJIDN=String

[Authorization]
Code=3CA1C5CF

