[Report]
Name=Grafkaart- DocuBH
TemplateName=Grafkaart- DocuBH.rtf 
SQLCompatibility=Access

[Query-0]
SQL1= select    GraveInfo.PlcIdn, GraveInfo.Plcusrkey as PLCUSRKEY,
SQL2=           GraveInfo.Plcnam as PLCNAM, GraveInfo.PlCOPM as PLCOPM,
SQL3=           GraveTypes.Pltnam as PLTNAM,
SQL4=           GraveyardInfo.Sbjnam as SBJNAM,
SQL5=           trim(OwnerInfo.SBJVLT&' '&OwnerInfo.SBJVVG&' '&OwnerInfo.SBJNAM) as RHBNAM,
SQL6=           trim(OwnerInfo.SBJSTTNAM&' '&OwnerInfo.SBJHUINUM&' '&OwnerInfo.SBJHUILET&' '&OwnerInfo.SBJHUITVG&' '&OwnerInfo.SBJHUIAND) as RHBADRES,
SQL7=           OwnerInfo.SBJPTTKDE as RHBPOSTCODE,
SQL8=          	OwnerInfo.SBJWPLNAM as RHBWOONPLAATS, 
SQL9= 	        MID(OwnerInfo.SBJGEBDAT,7,2)&'-'&MID(OwnerInfo.SBJGEBDAT,5,2)&'-'&MID(OwnerInfo.SBJGEBDAT,1,4) as RHBGEBOORTEDATUM,
SQL10= 	        OwnerInfo.Sbjtel as RHBTELEFOONNUMMER, OwnerInfo.Sbjges as RHBGESLACHT
SQL11= from     PLC GraveInfo, 
SQL12=          PLT GraveTypes,
SQL13=          SBJ GraveyardInfo,
SQL14=          SBJ OwnerInfo
SQL15= where    (GraveInfo.Plcpltidn =  GraveTypes.Pltidn) and
SQL16=          (GraveInfo.Plcbgpidn =  GraveyardInfo.Sbjidn) and
SQL17=          (GraveInfo.Plcrhbidn =  OwnerInfo.Sbjidn) and
SQL18=          (GraveInfo.Plcidn =  :pPLCIDN)
SQL19=

Base=PLC
[Parameters-0]
pPLCIDN=STRING

[Query-1]
SQL1= select OBJIDN, OBJBONIDN, OverledenInfo.SBJNAM, OverledenInfo.SBJVLT, OverledenInfo.SBJVVG, OverledenInfo.SBJGES,
SQL2=		ObjectInfo.OBJPOS as POS, ObjectInfo.OBJOPM as OPM,
SQL3=		MID(OverledenInfo.Sbjovldat,7,2)&'-'&MID(OverledenInfo.Sbjovldat,5,2)&'-'&MID(OverledenInfo.Sbjovldat,1,4) as OVLDAT,
SQL4=		MID(ObjectInfo.OBJVANDAT,7,2)&'-'&MID(ObjectInfo.OBJVANDAT,5,2)&'-'&MID(ObjectInfo.OBJVANDAT,1,4) as VANDAT,
SQL5=		MID(ObjectInfo.OBJTEMDAT,7,2)&'-'&MID(ObjectInfo.OBJTEMDAT,5,2)&'-'&MID(ObjectInfo.OBJTEMDAT,1,4) as TEMDAT,
SQL6=          OverledenInfo.SBJPTTKDE              as OvlAdress01,
SQL7=          OverledenInfo.SBJWPLNAM              as OvlAdress02,
SQL8=          OverledenInfo.SBJSTTNAM              as OvlAdress03,
SQL9=          OverledenInfo.SBJHUINUM&' '&OverledenInfo.SBJHUILET&' '&OverledenInfo.SBJHUITVG&' '&OverledenInfo.SBJHUIAND as OvlADRESS04
SQL10= from OBJ ObjectInfo,
SQL11=		SBJ OverledenInfo
SQL12= where (OBJSBJIDN = OverledenInfo.SBJIDN)   AND 
SQL13=		(OBJPLCIDN = :pPLCIDN)

Base=OBJ
[Parameters-1]
pPLCIDN=STRING

[Query-2]
SQL1= select PLHNAM,
SQL2=		PLHACTDAT
SQL3= from PLH
SQL4= where PLHIDN = :pPLCIDN
SQL5= order by PLHMUTDAT DESC, 
SQL6= PLHACTIDN

Base=PLH
[Parameters-2]
pPLCIDN=STRING

[Query-3]
SQL1=select ARTIDN, 
SQL2=       ARTNAM, 
SQL3=       ARTINSDAT, 
SQL4=       ARTBDR,
SQL5=       PayerInfo.Sbjnam as PAYERNAME
SQL6=from   ART_DOR
SQL7=       left outer join SBJ PayerInfo on (ART_DOR.ARTBPLIDN = PayerInfo.SBJIDN)
SQL8=where  ARTPLCIDN = :pPLCIDN or 
SQL9=       ARTPLCIDN IN
SQL10=      (
SQL11=        SELECT OBJPLCIDN 
SQL12=        FROM OBJ 
SQL13=        WHERE (OBJPLCIDN > '') AND (OBJPLCIDN = :pPLCIDN)
SQL14=      )
SQL15=      or ARTOBJIDN in (select OBJIDN from OBJ WHERE OBJPLCIDN = :pPLCIDN)
SQL16=ORDER BY ARTBEGDAT DESC
SQL17=
SQL18=
SQL19=
SQL20=

Base=ART
[Parameters-3]
pPLCIDN=STRING

[Query-4]
SQL1=select CTPOBJIDN, trim(SBJ.SBJVLT&' '&SBJ.SBJVVG&' '&SBJ.SBJNAM) as CTPNAM, SBJOPGNAM AS CTPOPGNAM, SBJVLT AS CTPVLT, SBJVVG AS CTPVVG, SBJPTTKDE as CTPAdress01, SBJWPLNAM as CTPAdress02, SBJSTTNAM as CTPAdress03, SBJHUINUM&' '&SBJHUILET&' '&SBJHUITVG&' '&SBJHUIAND as CTPADRESS04  from CTP, SBJ
SQL2=       where (CTP.CTPSBJIDN = SBJ.SBJIDN)
Base=CTP
MasterSource=1
IndexFieldNames=CTPOBJIDN
MasterFields=OBJIDN

[Query-5]
SQL1=select SBJIDN, trim(OndernemerInfo.SBJVLT&' '&OndernemerInfo.SBJVVG&' '&OndernemerInfo.SBJNAM) as BONNAM from SBJ OndernemerInfo
Base=BON
MasterSource=1
IndexFieldNames=SBJIDN
MasterFields=OBJBONIDN

[Logging]
Entity=PLC
Field=PLCIDN
Query=PLC

[Authorization]
Code=3CA1C5CF

