[Report]
Name=Verlenging grafrecht
TemplateName=Verlenging grafrecht.rtf
SQLCompatibility=MSAccess

[Query-0]
SQL1=  SELECT distinct Trim(sbj.sbjvlt&' '&Trim(sbj.sbjvvg&' '&sbj.sbjnam)) as Namopm, bgp.sbjnam as begraaf,
SQL2=  Trim(sbj.sbjvvg&' '&sbj.sbjnam) as Namkort, 
SQL3=  (sbj.sbjges) as rhbgesl, Trim(MID(sbj.sbjpttkde, 1,4)&' '&MID(sbj.sbjpttkde, 5,2)) as pttkde, * 
sql4=  FROM SBJ, PLC, SBJ BGP
sql5=  WHERE SBJ.SBJIDN=PLCRHBIDN AND bgp.sbjidn=plcbgpidn AND
SQL6=  PLCIDN=:pPLCIDN  

Base=QRY

[Parameters-0]
pPLCIDN=STRING

[PLCBGPIDN]
TableName=SBJ, SBK WHERE SBKSBJIDN=SBJIDN AND SBKSBTIDN='BGP'
ValueFieldName=SBJIDN
NameFieldName=SBJNAM
OrderFieldName=SBJNAM

[Query-1]
SQL1=  Select Trim(ovl.sbjvlt&' '&Trim(ovl.sbjvvg&' '&ovl.sbjnam)) as Namovld, 
SQL2=  Trim(Mid(ovl.sbjgebdat,7,2)&'-'&Mid(ovl.sbjgebdat,5,2)&'-'&Mid(ovl.sbjgebdat,1,4)) as gebdat, 
SQL3=  Trim(Mid(ovl.sbjovldat,7,2)&'-'&Mid(ovl.sbjovldat,5,2)&'-'&Mid(ovl.sbjovldat,1,4)) as ovldat, * 
SQL4=  from OBJ, SBJ OVL where sbjidn = objsbjidn
BASE=OVL
MasterSource=0
IndexFieldNames=OBJPLCIDN
MasterFields=PLCIDN

[Query-2]
SQL1=  SELECT *, Trim(MID(OBJTEMDAT,7,2)) AS OBJTEMDATDAG, Trim(MID(OBJTEMDAT,5,2)) AS OBJTEMDATMAN, Trim(MID(OBJTEMDAT,1,4)) AS OBJTEMDATJAR, 
SQL2=  Trim(Mid(OBJTEMDAT,7,2)&'-'&Mid(OBJTEMDAT,5,2)&'-'&Mid(OBJTEMDAT,1,4)) as einddat  
SQL3=  FROM SBJ, PLC, OBJ 
SQL4=  WHERE SBJIDN=OBJSBJIDN AND PLCIDN = OBJPLCIDN AND 
SQL5=  OBJTEMDAT > 0 AND OBJTEMDAT IN (SELECT MIN(OBJTEMDAT) FROM OBJ WHERE OBJPLCIDN=PLCIDN) ORDER BY SBJNAM

Base=RHO
MasterSource=0
IndexFieldNames=PLCIDN
MasterFields=PLCIDN

[Logging]
Entity=PLC
Field=PLCIDN
Query=PLC

[Authorization]
Code=3CA1C5CF