[Report]
Name=Brieven einde grafrecht per Begraafplaats
TemplateName=Grafkaarten.rtf

[Query-0]
SQL1=     SELECT PLC.*, OBJ.*, RHB.*, PLT.*, BGP.SBJNAM AS BGPNAM, OVL.SBJNAM AS OVLSBJNAM, 
SQL2=     OVL.SBJVOR AS OVLSBJVOR, OVL.SBJVVG AS OVLSBJVVG, OVL.SBJVLT AS OVLSBJVLT, 
SQL3=     OVL.SBJGEBDAT AS OVLSBJGEBDAT, OVL.SBJGEBPLT AS OVLSBJGEBPLT, OVL.SBJOVLDAT AS OVLSBJOVLDAT, 
SQL4=     OVL.SBJADM AS OVLSBJADM, OVL.SBJSOF AS OVLSBJSOF, OVL.SBJGES AS OVLSBJGES, 
SQL5=     (Mid(RHB.SBJGEBDAT,7,2)&'-'&Mid(RHB.SBJGEBDAT,5,2)&'-'&Mid(RHB.SBJGEBDAT,1,4)) as SBJGEBDAT1, 
SQL6=     (Mid(OVL.SBJGEBDAT,7,2)&'-'&Mid(OVL.SBJGEBDAT,5,2)&'-'&Mid(OVL.SBJGEBDAT,1,4)) as OVLSBJGEBDAT1, 
SQL7=     (Mid(OVL.SBJOVLDAT,7,2)&'-'&Mid(OVL.SBJOVLDAT,5,2)&'-'&Mid(OVL.SBJOVLDAT,1,4)) as OVLSBJOVLDAT1, 
SQL8=     (Mid(OBJ.OBJBGRDAT,7,2)&'-'&Mid(OBJ.OBJBGRDAT,5,2)&'-'&Mid(OBJ.OBJBGRDAT,1,4)) as OBJBGRDAT1, 
SQL9=     (Mid(OBJ.OBJUITDAT,7,2)&'-'&Mid(OBJ.OBJUITDAT,5,2)&'-'&Mid(OBJ.OBJUITDAT,1,4)) as OBJUITDAT1, 
SQL10=    (Mid(OBJ.OBJAVRDAT,7,2)&'-'&Mid(OBJ.OBJAVRDAT,5,2)&'-'&Mid(OBJ.OBJAVRDAT,1,4)) as OBJAVRDAT1, 
SQL11=    (Mid(OBJ.OBJVANDAT,7,2)&'-'&Mid(OBJ.OBJVANDAT,5,2)&'-'&Mid(OBJ.OBJVANDAT,1,4)) as OBJVANDAT1, 
SQL12=    (Mid(OBJ.OBJTEMDAT,7,2)&'-'&Mid(OBJ.OBJTEMDAT,5,2)&'-'&Mid(OBJ.OBJTEMDAT,1,4)) as OBJTEMDAT1
SQL13=    FROM PLC, PLT, SBJ OVL, SBJ BGP, SBJ RHB, OBJ WHERE (PLC.PLCRHBIDN = RHB.SBJIDN) AND 
SQL14=    (PLC.PLCPLTIDN = PLT.PLTIDN) AND (PLC.PLCIDN = OBJ.OBJPLCIDN) AND (PLC.PLCBGPIDN = BGP.SBJIDN) AND 
SQL15=    OVL.SBJIDN=OBJSBJIDN AND PLCUSRKEY>=:PLCVA AND PLCUSRKEY<=:PLCTM ORDER BY PLCUSRKEY
Base=SBJ
[Parameters-0]
PLCVA=STRING|Graf Vanaf
PLCTM=STRING|Graf tot en met

[Authorization]
Code=3CA1C5CF

